// Jest Snapshot v1, https://goo.gl/fbAQLP

exports[`<HomeComponent /> --- Snapshot +++ capturing Snapshot of <HomeComponent /> 1`] = `
<div>
  <tickerscontainer />
</div>
`;
